npm notice run portfolio-platform@0.2.0 build
npm notice run next build
   ▲ Next.js 15.5.25
   - Experiments (use with caution):
     · optimizePackageImports

   Creating an optimized production build ...
 ✓ Compiled successfully in 25.0s
   Skipping linting
   Checking validity of types ...
   Collecting page data ...
   Generating static pages (0/38) ...
   Generating static pages (9/38)
   Generating static pages (18/38)
   Generating static pages (28/38)
 ✓ Generating static pages (38/38)
   Finalizing page optimization ...
   Collecting build traces ...

Route (app)                                 Size  First Load JS
┌ ƒ /                                    6.83 kB         121 kB
├ ○ /_not-found                             1 kB         103 kB
├ ○ /about                                 475 B         114 kB
├ ƒ /admin                                 242 B         103 kB
├ ƒ /admin/agents                          175 B         106 kB
├ ƒ /admin/analyses                      6.23 kB         109 kB
├ ƒ /admin/announcements                  5.6 kB         108 kB
├ ƒ /admin/content                       6.34 kB         109 kB
├ ƒ /admin/desk                          12.3 kB         124 kB
├ ƒ /admin/drafts                        5.03 kB         111 kB
├ ƒ /admin/fx                            1.64 kB         107 kB
├ ƒ /admin/fx/native                     12.7 kB         237 kB
├ ƒ /admin/health                        4.43 kB         107 kB
├ ƒ /admin/intelligence                  1.65 kB         113 kB
├ ƒ /admin/manage                        7.25 kB         173 kB
├ ƒ /admin/notes                          5.2 kB         108 kB
├ ƒ /admin/overview                      5.38 kB         284 kB
├ ƒ /admin/radar                          4.3 kB         110 kB
├ ƒ /admin/research                      10.3 kB         116 kB
├ ƒ /admin/users                         7.59 kB         176 kB
├ ƒ /admin/webinars                      5.21 kB         108 kB
├ ƒ /analyses                              469 B         114 kB
├ ƒ /api/admin/analyses                    242 B         103 kB
├ ƒ /api/admin/announcements               242 B         103 kB
├ ƒ /api/admin/codal-proxy                 242 B         103 kB
├ ƒ /api/admin/content                     242 B         103 kB
├ ƒ /api/admin/desk                        242 B         103 kB
├ ƒ /api/admin/drafts                      242 B         103 kB
├ ƒ /api/admin/entitlements                242 B         103 kB
├ ƒ /api/admin/fx/seeds                    242 B         103 kB
├ ƒ /api/admin/health                      242 B         103 kB
├ ƒ /api/admin/intelligence                242 B         103 kB
├ ƒ /api/admin/intelligence/rehearsal      242 B         103 kB
├ ƒ /api/admin/intelligence/workbooks      242 B         103 kB
├ ƒ /api/admin/notes                       242 B         103 kB
├ ƒ /api/admin/webinars                    242 B         103 kB
├ ƒ /api/codal-list                        242 B         103 kB
├ ƒ /api/consultation                      242 B         103 kB
├ ƒ /api/cron/alerts                       242 B         103 kB
├ ƒ /api/cron/telegram-sync                242 B         103 kB
├ ƒ /api/data/[symbol]/history.csv         242 B         103 kB
├ ƒ /api/data/analytics                    242 B         103 kB
├ ƒ /api/leads/webhook                     242 B         103 kB
├ ƒ /api/market                            242 B         103 kB
├ ƒ /api/market/ohlc                       242 B         103 kB
├ ƒ /api/payment/callback                  242 B         103 kB
├ ƒ /api/payment/request                   242 B         103 kB
├ ƒ /api/portfolio/holdings                242 B         103 kB
├ ƒ /api/symbol-detail                     242 B         103 kB
├ ƒ /api/telegram/webhook                  242 B         103 kB
├ ƒ /api/waitlist                          242 B         103 kB
├ ƒ /api/webinars/list                     242 B         103 kB
├ ƒ /api/webinars/payment                  242 B         103 kB
├ ƒ /api/webinars/payment/callback         242 B         103 kB
├ ƒ /api/webinars/register                 242 B         103 kB
├ ƒ /auth/callback                         242 B         103 kB
├ ƒ /codal                                 475 B         114 kB
├ ƒ /dashboard                           20.3 kB         197 kB
├ ƒ /dashboard/consultation              6.29 kB         112 kB
├ ƒ /dashboard/holdings                  6.17 kB         112 kB
├ ƒ /dashboard/market/[module]             175 B         106 kB
├ ƒ /data                                10.5 kB         188 kB
├ ƒ /data/[symbol]                         242 B         103 kB
├ ○ /forgot-password                     2.47 kB         177 kB
├ ƒ /insights                             4.5 kB         119 kB
├ ○ /learn                                 138 B         119 kB
├ ● /learn/[slug]                          475 B         114 kB
├   ├ /learn/what-is-the-market
├   ├ /learn/how-to-read-a-symbol
├   ├ /learn/fundamentals-simple
├   └ [+3 more paths]
├ ○ /learn/glossary                        138 B         119 kB
├ ○ /legal/disclaimer                      242 B         103 kB
├ ○ /legal/privacy                         242 B         103 kB
├ ○ /legal/terms                           242 B         103 kB
├ ○ /login                               3.13 kB         178 kB
├ ƒ /market                                14 kB         249 kB
├ ƒ /market/funds                        12.9 kB         133 kB
├ ƒ /market/map                          11.4 kB         213 kB
├ ƒ /market/options                      4.52 kB         119 kB
├ ƒ /market/stocks                       7.39 kB         127 kB
├ ƒ /notes                               3.44 kB         117 kB
├ ƒ /payment/result                        475 B         114 kB
├ ○ /register                            5.16 kB         180 kB
├ ○ /reset-password                      3.08 kB         178 kB
├ ○ /robots.txt                            242 B         103 kB
├ ○ /sitemap.xml                           242 B         103 kB
├ ƒ /symbol/[symbol]                     26.7 kB         312 kB
├ ƒ /terminal                              175 B         106 kB
├ ƒ /terminal/[symbol]                   3.23 kB         161 kB
├ ƒ /terminal/allocation                 3.37 kB         161 kB
├ ƒ /terminal/watchlist                    175 B         106 kB
├ ○ /tools/portfolio-scenario            8.23 kB         122 kB
└ ○ /webinars                            5.29 kB         119 kB
+ First Load JS shared by all             102 kB
  ├ chunks/1255-623a1bc706ecd6cc.js      46.1 kB
  ├ chunks/4bd1b696-100b9d70ed4e49c1.js  54.2 kB
  └ other shared chunks (total)          2.03 kB


ƒ Middleware                             89.2 kB

○  (Static)   prerendered as static content
●  (SSG)      prerendered as static HTML (uses generateStaticParams)
ƒ  (Dynamic)  server-rendered on demand
