npm notice run portfolio-platform@0.2.0 test:calc
npm notice run tsx --test lib/fundamental/calc.test.ts lib/fundamental/n30.test.ts lib/fundamental/amendment.test.ts lib/fundamental/wiring.test.ts lib/core/monthlyReport.test.ts lib/core/quarterly.test.ts lib/core/jalali.test.ts lib/core/vocab.test.ts lib/core/marketRadar.test.ts lib/core/cadence.test.ts
✔ هر مسیرِ cron در vercel.json یک route handlerِ واقعی دارد (3.9799ms)
✔ هیچ روتِ cronی بدونِ زمان‌بندی رها نشده (4.567ms)
✔ کامنتِ روتِ cron دورهٔ زیرروزانه ادعا نمی‌کند وقتی cron روزانه است (3.904ms)
✔ کامپوننت‌های صفحهٔ اول ادعای «پایش هر N دقیقه» نمی‌کنند (15.7297ms)
✔ عمرِ کشِ بازار با زمان‌بندیِ cron قاطی نشده (2.1114ms)
✔ تبدیل‌های مرجع (راستی‌آزمایی‌شده با jdatetime) (3.1566ms)
✔ فرمت اسلش هم پذیرفته می‌شود (1.0999ms)
✔ ورودی نامعتبر → null (0.4649ms)
✔ فیلتر Z: زیرنماد رقم‌دار (لاتین/فارسی/عربی) شناسایی می‌شود (12.099ms)
✔ حق‌تقدم: ختم به «ح» (0.7329ms)
✔ سرانهٔ خرید حقیقی: ریال ÷ تعداد ÷ 1e7 = میلیون تومان (0.627ms)
✔ سرانه: تعداد صفر یا دادهٔ غایب → null (نه صفر) (1.0453ms)
✔ قدرت خریدار: ستون buyer_power مقدم است؛ وگرنه نسبت سرانه‌ها (0.5941ms)
✔ ورود پول حقیقی: تفاضل خرید−فروش به میلیون تومان؛ غایب → null (0.5233ms)
✔ سهم حقوقی از فروش: legal_sell/value_traded؛ مخرج صفر → null (0.6452ms)
✔ واگرایی پایانی/آخرین: (last−close)/close (1.6377ms)
✔ نسبت حجم: حجم ÷ میانگین ۱۰روزه؛ میانگین غایب → null (0.5482ms)
✔ buildAvgMap: آخرین روز از میانگین ۱۰روزه خارج می‌شود (40.7045ms)
✔ buildAvgMap: پوشش ناکافی → نماد در Map نیست (null صادق) (0.6081ms)
✔ buildAvgMap: dedupe نماد+تاریخ — id بزرگ‌تر برنده (0.6905ms)
✔ deriveN30Extras: شکاف تولید−فروش و سهم صادرات از آخرین ماه (1.1294ms)
✔ deriveN30Extras: بدون مقادیر کمی → شکاف null (نه صفر) (0.3709ms)
✔ computeRadarRow: ستون‌ها از یک روز کامل ساخته می‌شوند (0.5928ms)
✔ پریست ورود پول هوشمند: هر سه شرط لازم؛ null رد می‌شود (0.5651ms)
✔ پریست بیدارباش بنیادی: YoY > ۵۰ و شکاف منفی (0.3113ms)
✔ پریست واگرایی تابلو: |واگرایی| > ۲٪ + حجم مشکوک (0.3804ms)
✔ multiSort: چندستونه + null همیشه انتها (2.7439ms)
✔ monthKeyOf: جلالی معتبر و نامعتبر (4.0924ms)
✔ fyMonthOrder: سال مالی منتهی به شهریور از مهر شروع می‌شود (2.6349ms)
✔ dedupeByMonth: جدیدترین اصلاحیه برنده؛ نسخهٔ جمع‌صفر کنار می‌رود (1.2221ms)
✔ گپ واقعی: ماه بدون گزارش amount=null می‌ماند (بدون درون‌یابی) (3.6718ms)
✔ مقایسهٔ سال جاری با سال قبل و تجمیعی هم‌نقطه (1.7661ms)
✔ واحد حفظ می‌شود: مقادیر میلیون ریال بدون تبدیل در خروجی (3.2335ms)
✔ سری نرخ: داخلی/صادراتی جدا و گپ برای ماه بدون رکورد آن محصول (1.2356ms)
✔ محصول تک‌قلمی: ترکیب فروش و تولید/فروش سالم (0.8593ms)
✔ prodVsSales فقط وقتی هر دو مقدار موجودند (1.0284ms)
✔ ورودی خالی یا بی‌اعتبار → null (بخش رندر نشود) (0.7535ms)
✔ روایت‌ها: قطعی و بدون واژهٔ تجویزی (3.4304ms)
✔ روایت میانگین: بالاتر/پایین‌تر درست (1.6163ms)
✔ نرخ: مقدارِ مثبت با مبلغِ منفی نرخ نمی‌سازد (ردیفِ تعدیل) (0.4882ms)
✔ نرخ: نرخِ صفر یا منفی رد می‌شود — قیمتِ واحد نه صفر است نه منفی (0.5135ms)
✔ نرخ: مقدارِ صفر یا خالی نرخ نمی‌سازد — تقسیم بر صفر (0.2924ms)
✔ نرخ: برگشت از فروش سالم است و عبور می‌کند (0.3612ms)
✔ نرخ: ردیفِ سالم دست‌نخورده عبور می‌کند (0.2645ms)
✔ نرخ: مبلغِ خالی مانعِ نرخ نیست (فقط تناقضِ علامت مانع است) (0.3607ms)
✔ نرخ: ماهِ دارای ردیفِ خراب گپ می‌شود، نه عددِ بی‌معنا (0.6441ms)
✔ نرخ: تناقضِ علامت حتی با نرخِ مثبت هم رد می‌شود (0.3815ms)
✔ fyOf: سال مالی تقویمی از پایان دوره‌های میانی و سالانه یکی است (6.9504ms)
✔ fyOf: سال مالی غیرتقویمی (پایان شهریور) — هر دو دوره به یک FY می‌روند (0.5078ms)
✔ زنجیرهٔ کامل: چهار فصل با تفاضل درست (2.1922ms)
✔ حلقهٔ غایب: بدون ۶ماهه، Q2 و Q3 هر دو null — هرگز تقسیم نمی‌شود (1.1682ms)
✔ دو نسخه از یک دوره: حسابرسی‌شده مقدم است (0.832ms)
✔ اصلاحیهٔ متأخر (id بزرگ‌تر) در نسخه‌های هم‌سطح مقدم است (0.4826ms)
✔ تفاضل منفی نامعقول در درآمد → فصل null + پرچم adjusted (0.6274ms)
✔ حاشیه‌ها فقط با درآمد مثبت؛ درصد درست (0.6606ms)
✔ EPS TTM: فقط با ۴ فصل متوالی کامل؛ فرمول ×۱۰۰۰÷سرمایه (1.5445ms)
✔ EPS TTM: پنجرهٔ دارای فصل null حذف می‌شود (هیچ نقطه بدون ۴ فصل کامل) (1.4698ms)
✔ peOf: قیمت یا EPS نامعتبر → null (هیچ P/E منفی/ساختگی) (0.6712ms)
✔ rolling4: میانگین ۴فصله فقط با پنجرهٔ کامل (0.7411ms)
✔ سال مالی جاری ناقص: فصل‌های آینده حذف، فصل‌های موجود می‌مانند (0.6205ms)
✔ قرارداد واژگان: هیچ کاربرد مثبت «توصیه/سیگنال» در UI زنده نیست (208.5618ms)
✔ قرارداد واژگان: هیچ تیتری در سطح عمومیِ بازار ادعای «زنده/لحظه‌ای» نمی‌کند (18.1854ms)
▶ تشخیصِ اصلاحیه از عنوان
  ✔ عنوانِ دارای «اصلاحیه» شناخته می‌شود (2.5681ms)
  ✔ املای عربیِ «اصلاحيه» هم شناخته می‌شود (0.4763ms)
  ✔ عنوانِ عادی اصلاحیه نیست و ورودیِ خالی نمی‌شکند (0.3277ms)
✔ تشخیصِ اصلاحیه از عنوان (6.9145ms)
▶ تقدمِ اصلاحیه بر نسخهٔ اولیه
  ✔ اصلاحیه حتی با id کمتر برنده است — موردِ واقعیِ فولاد (1.2469ms)
  ✔ وقتی ارقام فرق دارند، رقمِ اصلاحیه انتخاب می‌شود — موردِ واقعیِ شپنا (0.4483ms)
  ✔ حسابرسی‌شده همچنان بر اصلاحیهٔ حسابرسی‌نشده مقدم است (0.3999ms)
  ✔ بینِ دو اصلاحیه، جدیدترین id برنده است (0.9312ms)
  ✔ بینِ دو نسخهٔ عادی، رفتارِ قبلی حفظ شده (0.5549ms)
  ✔ دوره‌های متفاوت با هم قاطی نمی‌شوند (0.4471ms)
✔ تقدمِ اصلاحیه بر نسخهٔ اولیه (5.2894ms)
▶ زمانِ انتشار در تساوی
  ✔ فخاس سالانهٔ ۱۴۰۳ (شناسه و عنوانِ واقعی): جداگانه (۰۳/۰۶) بر تلفیقیِ دیرتر (۰۴/۱۳) (0.9424ms)
  ✔ ذوب ۶ماههٔ ۱۴۰۴ (واقعی): جداگانه (۰۸/۰۱) بر تلفیقیِ دیرتر (۰۸/۳۰) (0.3215ms)
  ✔ فملی ۹ماههٔ ۱۴۰۴ (واقعی، هم‌دامنه): انتشارِ ۱۱/۰۸ بر ۱۱/۰۷ با وجودِ `id` کمتر (0.7947ms)
  ✔ پاریز: از سه اصلاحیه، آخرین منتشرشده — نه قدیمی‌ترین با بزرگ‌ترین `id` (0.5771ms)
  ✔ زمان بالای اصلاحیه نمی‌نشیند: تلفیقیِ دیرتر جای اصلاحیه را نمی‌گیرد (حآفرین) (0.3786ms)
  ✔ حسابرسی همچنان بالای زمان است (0.2707ms)
  ✔ زمانِ نامعلوم یا ناقص → برگشت به `id`، نه حدس (0.3575ms)
  ✔ زمانِ دقیقاً یکسان → `id` (یکی از ۶ گروهِ واقعی) (0.2986ms)
✔ زمانِ انتشار در تساوی (4.7688ms)
▶ publishKey
  ✔ رقمِ فارسی و عربی → لاتین، شکلِ قابلِ مقایسه (5.7412ms)
  ✔ شکلِ نامعتبر → null (1.692ms)
✔ publishKey (7.8625ms)
▶ دامنه: جداگانه بر تلفیقی (B-056)
  ✔ تشخیصِ «تلفیقی» با ی/ک عربی (1.2554ms)
  ✔ جداگانهٔ حسابرسی‌نشده بر تلفیقیِ حسابرسی‌شده و اصلاحیهٔ تلفیقی مقدم است (0.3527ms)
✔ دامنه: جداگانه بر تلفیقی (B-056) (1.9399ms)
✔ pct: حالت عادی و تقسیم بر صفر (2.8286ms)
✔ growthPct: رشد، افت و پایهٔ صفر (0.7755ms)
✔ حاشیه‌های فملی ۱۴۰۴ با سند i1 یکی است (۵۷٫۹ / ۵۶٫۱ / ۴۶٫۸) (0.6208ms)
✔ حاشیه‌های ۱۴۰۳ (تجدید ارائه) با سند i1 یکی است (۵۴٫۹ / ۵۲٫۱ / ۴۳٫۹) (0.8978ms)
✔ رشدهای ۱۴۰۴: فروش ۷۹٫۸٪ و سود خالص ۹۱٫۶٪ و EPS ۹۱٫۷٪ (1.6726ms)
✔ نرخ مؤثر مالیات ۱۶٫۵٪ مطابق سند i1 (0.4808ms)
✔ روند ۵ساله: حاشیهٔ ناخالص هر سال با جدول رسمی گزارش یکی است (0.6004ms)
✔ روند ۵ساله: رشد فروش ۱۴۰۴ برابر ۷۹٫۸٪ و ۱۴۰۱ منفی است (0.5193ms)
✔ سال‌های متوالی رشد: ۱۴۰۲→۱۴۰۳→۱۴۰۴ یعنی ۳ سال پیاپی (0.6709ms)
✔ روایت‌ها: قالب ثابت با عدد واقعی؛ بدون داده → null (59.9397ms)
✔ deriveN30: dedups months and sorts ascending (41.472ms)
✔ deriveN30: domestic/export split per month (0.6712ms)
✔ deriveN30: product mix ranked with shares summing to ~100 (0.8955ms)
✔ deriveN30: export share of total (0.6206ms)
✔ deriveN30: top product monthly rate series (0.7783ms)
✔ deriveN30: production vs sales totals per month (2.3627ms)
✔ deriveN30: empty input → empty derived, no fabricated numbers (0.5249ms)
codal_reports: تستد ن-۱۰ reached limit 400 — oldest periods truncated
✔ کارت و فصل‌ها روی یک دوره یک گزارش را می‌بینند — گزارشِ جداگانهٔ شرکت، نه تلفیقیِ دیرتر (79.6373ms)
✔ گزارشِ جداگانه بر تلفیقیِ همان دوره مقدم است — حتی اگر تلفیقی دیرتر آمده باشد (2.2611ms)
✔ دورهٔ فقط‌تلفیقی: نمایش داده می‌شود ولی قطعی به شرکت نسبت داده نمی‌شود (1.957ms)
✔ زنجیرهٔ فصلی دامنه‌ها را قاطی نمی‌کند: ۳ماههٔ جداگانه + ۶ماههٔ فقط‌تلفیقی ⇒ Q2 تهی (2.3772ms)
✔ limit: رشدِ ردیف تازه‌ترین دوره را نمی‌اندازد (id کمتر ولی period_end تازه‌تر) (18.6997ms)
✔ شپنا ۳ماههٔ ۱۴۰۳ (واقعی): Q1 از اصلاحیه، نه نسخهٔ اولیهٔ باطل — همان که کارت می‌بیند (1.4885ms)
ℹ tests 106
ℹ suites 5
ℹ pass 106
ℹ fail 0
ℹ cancelled 0
ℹ skipped 0
ℹ todo 0
ℹ duration_ms 1152.3726
