   ▲ Next.js 15.5.25
   - Experiments (use with caution):
     · optimizePackageImports

   Creating an optimized production build ...
<w> [webpack.cache.PackFileCacheStrategy] Serializing big strings (231kiB) impacts deserialization performance (consider using Buffer instead and decode when needed)
 ✓ Compiled successfully in 30.2s
   Skipping linting
   Checking validity of types ...
   Collecting page data ...
   Generating static pages (0/41) ...
   Generating static pages (10/41)
   Generating static pages (20/41)
   Generating static pages (30/41)
 ✓ Generating static pages (41/41)
   Finalizing page optimization ...
   Collecting build traces ...

Route (app)                                         Size  First Load JS
┌ ƒ /                                            1.66 kB         181 kB
├ ○ /_not-found                                    998 B         104 kB
├ ○ /about                                       2.82 kB         177 kB
├ ƒ /admin                                         279 B         103 kB
├ ƒ /admin/agents                                  175 B         106 kB
├ ƒ /admin/analyses                              6.21 kB         109 kB
├ ƒ /admin/announcements                         5.53 kB         108 kB
├ ƒ /admin/content                               6.29 kB         109 kB
├ ƒ /admin/courses                                 163 B         107 kB
├ ƒ /admin/desk                                  13.1 kB         131 kB
├ ƒ /admin/drafts                                4.99 kB         111 kB
├ ƒ /admin/fx                                    1.63 kB         108 kB
├ ƒ /admin/fx/native                             12.6 kB         239 kB
├ ƒ /admin/health                                4.39 kB         107 kB
├ ƒ /admin/intelligence                          2.98 kB         114 kB
├ ƒ /admin/leads                                 2.16 kB         115 kB
├ ƒ /admin/manage                                 6.8 kB         173 kB
├ ƒ /admin/notes                                 5.15 kB         108 kB
├ ƒ /admin/overview                              4.94 kB         286 kB
├ ƒ /admin/publications                            168 B         113 kB
├ ƒ /admin/radar                                 4.37 kB         110 kB
├ ƒ /admin/research                              10.5 kB         117 kB
├ ƒ /admin/users                                  7.2 kB         176 kB
├ ƒ /admin/webinars                              5.21 kB         108 kB
├ ƒ /analyses                                    2.81 kB         177 kB
├ ƒ /api/admin/analyses                            279 B         103 kB
├ ƒ /api/admin/announcements                       279 B         103 kB
├ ƒ /api/admin/codal-proxy                         279 B         103 kB
├ ƒ /api/admin/cohort-access/commands              279 B         103 kB
├ ƒ /api/admin/content                             279 B         103 kB
├ ƒ /api/admin/course-operations                   279 B         103 kB
├ ƒ /api/admin/desk                                279 B         103 kB
├ ƒ /api/admin/drafts                              279 B         103 kB
├ ƒ /api/admin/entitlements                        279 B         103 kB
├ ƒ /api/admin/fx/seeds                            279 B         103 kB
├ ƒ /api/admin/health                              279 B         103 kB
├ ƒ /api/admin/intelligence                        279 B         103 kB
├ ƒ /api/admin/intelligence/course-needs           279 B         103 kB
├ ƒ /api/admin/intelligence/publications           279 B         103 kB
├ ƒ /api/admin/intelligence/rehearsal              279 B         103 kB
├ ƒ /api/admin/intelligence/requests               279 B         103 kB
├ ƒ /api/admin/intelligence/workbooks              279 B         103 kB
├ ƒ /api/admin/notes                               279 B         103 kB
├ ƒ /api/admin/registration-imports/[id]/commit    279 B         103 kB
├ ƒ /api/admin/registration-imports/preview        279 B         103 kB
├ ƒ /api/admin/webinars                            279 B         103 kB
├ ƒ /api/codal-list                                279 B         103 kB
├ ƒ /api/cohorts/[id]                              279 B         103 kB
├ ƒ /api/cohorts/[id]/needs-assessment             279 B         103 kB
├ ƒ /api/cohorts/[id]/resources                    279 B         103 kB
├ ƒ /api/cohorts/[id]/resources/[resourceId]       279 B         103 kB
├ ƒ /api/cohorts/[id]/webinars/[webinarId]/join    279 B         103 kB
├ ƒ /api/consultation                              279 B         103 kB
├ ƒ /api/courses                                   279 B         103 kB
├ ƒ /api/cron/alerts                               279 B         103 kB
├ ƒ /api/cron/telegram-sync                        279 B         103 kB
├ ƒ /api/data/[symbol]/history.csv                 279 B         103 kB
├ ƒ /api/leads/webhook                             279 B         103 kB
├ ƒ /api/market                                    279 B         103 kB
├ ƒ /api/market/ohlc                               279 B         103 kB
├ ƒ /api/me/cohorts                                279 B         103 kB
├ ƒ /api/me/module-access                          279 B         103 kB
├ ƒ /api/payment/callback                          279 B         103 kB
├ ƒ /api/payment/request                           279 B         103 kB
├ ƒ /api/portfolio/holdings                        279 B         103 kB
├ ƒ /api/publications/[id]                         279 B         103 kB
├ ƒ /api/registrations/claim                       279 B         103 kB
├ ƒ /api/symbol-detail                             279 B         103 kB
├ ƒ /api/telegram/webhook                          279 B         103 kB
├ ƒ /api/waitlist                                  279 B         103 kB
├ ƒ /api/webinars/list                             279 B         103 kB
├ ƒ /api/webinars/payment                          279 B         103 kB
├ ƒ /api/webinars/payment/callback                 279 B         103 kB
├ ƒ /api/webinars/register                         279 B         103 kB
├ ƒ /auth/callback                                 279 B         103 kB
├ ƒ /codal                                       2.82 kB         177 kB
├ ○ /consultation                                   4 kB         179 kB
├ ƒ /dashboard                                     19 kB         197 kB
├ ƒ /dashboard/consultation                      6.32 kB         112 kB
├ ƒ /dashboard/holdings                          6.15 kB         112 kB
├ ƒ /dashboard/market/[module]                     175 B         106 kB
├ ƒ /data                                        7.88 kB         187 kB
├ ƒ /data/[symbol]                                 279 B         103 kB
├ ○ /forgot-password                             2.49 kB         177 kB
├ ƒ /insights                                    6.47 kB         181 kB
├ ○ /learn                                         137 B         182 kB
├ ● /learn/[slug]                                2.82 kB         177 kB
├   ├ /learn/what-is-the-market
├   ├ /learn/how-to-read-a-symbol
├   ├ /learn/fundamentals-simple
├   └ [+3 more paths]
├ ○ /learn/glossary                                137 B         182 kB
├ ○ /legal/disclaimer                              279 B         103 kB
├ ○ /legal/privacy                                 279 B         103 kB
├ ○ /legal/terms                                   279 B         103 kB
├ ○ /login                                       3.14 kB         178 kB
├ ƒ /market                                      13.9 kB         247 kB
├ ƒ /market/funds                                12.3 kB         194 kB
├ ƒ /market/map                                  13.3 kB         276 kB
├ ƒ /market/options                              2.98 kB         182 kB
├ ƒ /market/stocks                               6.85 kB         189 kB
├ ƒ /notes                                       5.43 kB         180 kB
├ ƒ /payment/result                              2.82 kB         177 kB
├ ƒ /publications/[id]                           2.55 kB         105 kB
├ ƒ /qa/next04                                   1.16 kB         108 kB
├ ƒ /qa/next08                                   4.74 kB         118 kB
├ ○ /register                                    5.11 kB         180 kB
├ ○ /reset-password                               3.1 kB         178 kB
├ ○ /robots.txt                                    279 B         103 kB
├ ○ /sitemap.xml                                   279 B         103 kB
├ ƒ /symbol/[symbol]                             28.5 kB         376 kB
├ ƒ /terminal                                      175 B         106 kB
├ ƒ /terminal/[symbol]                           3.22 kB         161 kB
├ ƒ /terminal/allocation                         3.36 kB         162 kB
├ ƒ /terminal/watchlist                            175 B         106 kB
├ ○ /tools/portfolio-scenario                    10.1 kB         185 kB
└ ○ /webinars                                    3.93 kB         183 kB
+ First Load JS shared by all                     103 kB
  ├ chunks/6552-d905b02e1a7c14d2.js              46.4 kB
  ├ chunks/d5cb6b3c-9ac1c9e2956f1205.js          54.2 kB
  └ other shared chunks (total)                  2.03 kB


ƒ Middleware                                       89 kB

○  (Static)   prerendered as static content
●  (SSG)      prerendered as static HTML (uses generateStaticParams)
ƒ  (Dynamic)  server-rendered on demand
