✔ ورود موفق دقیقاً به مقصد محلی حفظ‌شده برمی‌گردد (2.1237ms)
✔ مقصد بیرونی حتی پس از ورود موفق به داشبورد امن برمی‌گردد (0.247ms)
✔ ورود ناموفق نه جابه‌جا می‌شود و نه صفحه را refresh می‌کند (0.1965ms)
✔ anonymous protected link survives login: /dashboard?tab=portfolio (4.4944ms)
✔ anonymous protected link survives login: /admin/research (0.6818ms)
✔ anonymous protected link survives login: /terminal/فملی?tab=financials (0.5007ms)
✔ nested external next remains data on a local protected path (0.5272ms)
✔ مسیر محلی همراه query و hash حفظ می‌شود (2.0883ms)
✔ آدرس بیرونی و protocol-relative رد می‌شود (0.3804ms)
✔ backslash و نویسهٔ کنترلی رد می‌شود (0.4122ms)
✔ لینک ورود مقصد را دقیق و URL-encoded حمل می‌کند (0.3849ms)
✔ ورودی خالی، بلند و نامعتبر به fallback می‌افتد (0.4039ms)
✔ fallback پیش‌فرض داشبورد است (0.249ms)
✔ only an explicit successful receipt confirms the consultation contact request (42.1465ms)
✔ duplicate, rate limit and server error are actionable without inventing a booking (1.3013ms)
✔ published catalog distinguishes empty from HTTP/shape/contract errors (32.2632ms)
✔ unannounced dates stay null and an invalid range or active commerce contract is rejected (1.1307ms)
✔ public event UI cannot publish a private meeting URL or confirm payment from callback query (2.6646ms)
✔ consultation uses the established email-only lead contract and clears input only on explicit success (0.8172ms)
✔ محاسبهٔ کنتراست با مقادیرِ شناخته‌شده می‌خواند (2.9862ms)
✔ ترکیبِ شفاف، رنگِ مات را درست می‌سازد (3.5393ms)
✔ رنگِ نامعتبر خطا می‌دهد، نه رنگِ حدسی (3.0649ms)
✔ ارجاعِ var() در تمِ تیره با مقدارِ همان تم حل می‌شود (0.6428ms)
✔ متن روی هر سه سطح در تمِ light حدِ AA را می‌گذراند (0.7916ms)
✔ متن روی هر سه سطح در تمِ dark حدِ AA را می‌گذراند (0.4974ms)
✔ عناصرِ گرافیکی در تمِ light حدِ ۳:۱ را می‌گذرانند (0.4995ms)
✔ عناصرِ گرافیکی در تمِ dark حدِ ۳:۱ را می‌گذرانند (0.3299ms)
✔ استثنای مستند: طلاییِ برند روی کرمِ برند به ۳:۱ نمی‌رسد (0.3656ms)
✔ `--warning-ink` همان کاری را می‌کند که ادعا می‌کند (0.4879ms)
✔ متن روی سطحِ رنگی در تمِ light خوانا است (0.332ms)
✔ متن روی سطحِ رنگی در تمِ dark خوانا است (0.187ms)
✔ متنِ انتخاب‌شده کم‌خوان‌تر از متنِ عادی نمی‌شود (0.2062ms)
✔ حلقهٔ فوکوس در تمِ light روی هر سه سطح دیده می‌شود (0.2072ms)
✔ حلقهٔ فوکوس در تمِ dark روی هر سه سطح دیده می‌شود (0.1383ms)
✔ `--focus` در تمِ تیره با تمِ روشن یکی نیست (0.1274ms)
✔ پالتِ داده در تمِ light روی هر سه سطح خوانا است (0.2463ms)
✔ رنگ‌های پالتِ داده در تمِ light از هم قابلِ تفکیک‌اند (0.8757ms)
✔ پالتِ داده در تمِ dark روی هر سه سطح خوانا است (0.2913ms)
✔ رنگ‌های پالتِ داده در تمِ dark از هم قابلِ تفکیک‌اند (0.337ms)
✔ خطِ راهنما کم‌رنگ‌تر از متنِ محور است — با داده رقابت نمی‌کند (0.3356ms)
✔ برچسبِ کاشیِ حرارتی در تمِ light روی هر پله خوانا است (1.1328ms)
✔ برچسبِ کاشیِ حرارتی در تمِ dark روی هر پله خوانا است (0.3184ms)
✔ شدتِ کاشی هرگز از سقف رد نمی‌شود (0.1945ms)
✔ «بدون داده» و «بی‌تغییر» یک ظاهر ندارند (0.1603ms)
✔ جهتِ کاشی با علامتِ عدد می‌خواند و آستانه رعایت می‌شود (0.1249ms)
✔ هیچ رنگِ خامی در کامپوننت‌های نمودار نمانده (0.4884ms)
▶ ادعای همگانی روی مسیرِ عمومی
  ✔ components/landing/Hero.tsx کمّی‌سنجِ همگانی دربارهٔ تحلیل‌ها ندارد (1.6088ms)
  ✔ components/landing/AboutStrip.tsx کمّی‌سنجِ همگانی دربارهٔ تحلیل‌ها ندارد (0.5411ms)
  ✔ components/landing/Method.tsx کمّی‌سنجِ همگانی دربارهٔ تحلیل‌ها ندارد (0.552ms)
  ✔ components/landing/TwoProducts.tsx کمّی‌سنجِ همگانی دربارهٔ تحلیل‌ها ندارد (0.5687ms)
  ✔ components/landing/TrackRecordStrip.tsx کمّی‌سنجِ همگانی دربارهٔ تحلیل‌ها ندارد (2.3894ms)
  ✔ app/about/page.tsx کمّی‌سنجِ همگانی دربارهٔ تحلیل‌ها ندارد (0.9045ms)
  ✔ هیرو خدمت، رویداد درون دوره و شرط اعلام زمان را روشن می‌کند (0.9163ms)
✔ ادعای همگانی روی مسیرِ عمومی (9.2834ms)
✔ HTTP error with JSON does not claim an empty webinar list (44.4801ms)
✔ successful empty list is a real empty state (2.2298ms)
✔ invalid JSON, invalid records and network failure remain errors (1.7098ms)
✔ retry after service recovery shows data including unknown count (1.4616ms)
ℹ tests 57
ℹ suites 1
ℹ pass 57
ℹ fail 0
ℹ cancelled 0
ℹ skipped 0
ℹ todo 0
ℹ duration_ms 1036.0559
